SyntaxError: Unexpected token 'N', ..."l_amount":NOT_FOUND,"... is not valid JSON
    at JSON.parse (<anonymous>)
    at parse (F:\D\Uni\YEAR_3\SEM_3\TESTING\LAB\Homework\HW05\backend\node_modules\body-parser\lib\types\json.js:72:19)
    at F:\D\Uni\YEAR_3\SEM_3\TESTING\LAB\Homework\HW05\backend\node_modules\body-parser\lib\read.js:162:18
    at AsyncResource.runInAsyncScope (node:async_hooks:214:14)
    at invokeCallback (F:\D\Uni\YEAR_3\SEM_3\TESTING\LAB\Homework\HW05\backend\node_modules\raw-body\index.js:238:16)
    at done (F:\D\Uni\YEAR_3\SEM_3\TESTING\LAB\Homework\HW05\backend\node_modules\raw-body\index.js:227:7)
    at IncomingMessage.onEnd (F:\D\Uni\YEAR_3\SEM_3\TESTING\LAB\Homework\HW05\backend\node_modules\raw-body\index.js:287:7)
    at IncomingMessage.emit (node:events:518:28)
    at endReadableNT (node:internal/streams/readable:1698:12)
    at process.processTicksAndRejections (node:internal/process/task_queues:90:21)
SyntaxError: Unexpected token 'N', ..."l_amount":NOT_FOUND,"... is not valid JSON
    at JSON.parse (<anonymous>)
    at parse (F:\D\Uni\YEAR_3\SEM_3\TESTING\LAB\Homework\HW05\backend\node_modules\body-parser\lib\types\json.js:72:19)
    at F:\D\Uni\YEAR_3\SEM_3\TESTING\LAB\Homework\HW05\backend\node_modules\body-parser\lib\read.js:162:18
    at AsyncResource.runInAsyncScope (node:async_hooks:214:14)
    at invokeCallback (F:\D\Uni\YEAR_3\SEM_3\TESTING\LAB\Homework\HW05\backend\node_modules\raw-body\index.js:238:16)
    at done (F:\D\Uni\YEAR_3\SEM_3\TESTING\LAB\Homework\HW05\backend\node_modules\raw-body\index.js:227:7)
    at IncomingMessage.onEnd (F:\D\Uni\YEAR_3\SEM_3\TESTING\LAB\Homework\HW05\backend\node_modules\raw-body\index.js:287:7)
    at IncomingMessage.emit (node:events:518:28)
    at endReadableNT (node:internal/streams/readable:1698:12)
    at process.processTicksAndRejections (node:internal/process/task_queues:90:21)
SyntaxError: Unexpected token 'N', ..."l_amount":NOT_FOUND,"... is not valid JSON
    at JSON.parse (<anonymous>)
    at parse (F:\D\Uni\YEAR_3\SEM_3\TESTING\LAB\Homework\HW05\backend\node_modules\body-parser\lib\types\json.js:72:19)
    at F:\D\Uni\YEAR_3\SEM_3\TESTING\LAB\Homework\HW05\backend\node_modules\body-parser\lib\read.js:162:18
    at AsyncResource.runInAsyncScope (node:async_hooks:214:14)
    at invokeCallback (F:\D\Uni\YEAR_3\SEM_3\TESTING\LAB\Homework\HW05\backend\node_modules\raw-body\index.js:238:16)
    at done (F:\D\Uni\YEAR_3\SEM_3\TESTING\LAB\Homework\HW05\backend\node_modules\raw-body\index.js:227:7)
    at IncomingMessage.onEnd (F:\D\Uni\YEAR_3\SEM_3\TESTING\LAB\Homework\HW05\backend\node_modules\raw-body\index.js:287:7)
    at IncomingMessage.emit (node:events:518:28)
    at endReadableNT (node:internal/streams/readable:1698:12)
    at process.processTicksAndRejections (node:internal/process/task_queues:90:21)
SyntaxError: Unexpected token 'N', ..."l_amount":NOT_FOUND,"... is not valid JSON
    at JSON.parse (<anonymous>)
    at parse (F:\D\Uni\YEAR_3\SEM_3\TESTING\LAB\Homework\HW05\backend\node_modules\body-parser\lib\types\json.js:72:19)
    at F:\D\Uni\YEAR_3\SEM_3\TESTING\LAB\Homework\HW05\backend\node_modules\body-parser\lib\read.js:162:18
    at AsyncResource.runInAsyncScope (node:async_hooks:214:14)
    at invokeCallback (F:\D\Uni\YEAR_3\SEM_3\TESTING\LAB\Homework\HW05\backend\node_modules\raw-body\index.js:238:16)
    at done (F:\D\Uni\YEAR_3\SEM_3\TESTING\LAB\Homework\HW05\backend\node_modules\raw-body\index.js:227:7)
    at IncomingMessage.onEnd (F:\D\Uni\YEAR_3\SEM_3\TESTING\LAB\Homework\HW05\backend\node_modules\raw-body\index.js:287:7)
    at IncomingMessage.emit (node:events:518:28)
    at endReadableNT (node:internal/streams/readable:1698:12)
    at process.processTicksAndRejections (node:internal/process/task_queues:90:21)
SyntaxError: Unexpected token 'N', ..."l_amount":NOT_FOUND,"... is not valid JSON
    at JSON.parse (<anonymous>)
    at parse (F:\D\Uni\YEAR_3\SEM_3\TESTING\LAB\Homework\HW05\backend\node_modules\body-parser\lib\types\json.js:72:19)
    at F:\D\Uni\YEAR_3\SEM_3\TESTING\LAB\Homework\HW05\backend\node_modules\body-parser\lib\read.js:162:18
    at AsyncResource.runInAsyncScope (node:async_hooks:214:14)
    at invokeCallback (F:\D\Uni\YEAR_3\SEM_3\TESTING\LAB\Homework\HW05\backend\node_modules\raw-body\index.js:238:16)
    at done (F:\D\Uni\YEAR_3\SEM_3\TESTING\LAB\Homework\HW05\backend\node_modules\raw-body\index.js:227:7)
    at IncomingMessage.onEnd (F:\D\Uni\YEAR_3\SEM_3\TESTING\LAB\Homework\HW05\backend\node_modules\raw-body\index.js:287:7)
    at IncomingMessage.emit (node:events:518:28)
    at endReadableNT (node:internal/streams/readable:1698:12)
    at process.processTicksAndRejections (node:internal/process/task_queues:90:21)
SyntaxError: Unexpected token 'N', ..."l_amount":NOT_FOUND,"... is not valid JSON
    at JSON.parse (<anonymous>)
    at parse (F:\D\Uni\YEAR_3\SEM_3\TESTING\LAB\Homework\HW05\backend\node_modules\body-parser\lib\types\json.js:72:19)
    at F:\D\Uni\YEAR_3\SEM_3\TESTING\LAB\Homework\HW05\backend\node_modules\body-parser\lib\read.js:162:18
    at AsyncResource.runInAsyncScope (node:async_hooks:214:14)
    at invokeCallback (F:\D\Uni\YEAR_3\SEM_3\TESTING\LAB\Homework\HW05\backend\node_modules\raw-body\index.js:238:16)
    at done (F:\D\Uni\YEAR_3\SEM_3\TESTING\LAB\Homework\HW05\backend\node_modules\raw-body\index.js:227:7)
    at IncomingMessage.onEnd (F:\D\Uni\YEAR_3\SEM_3\TESTING\LAB\Homework\HW05\backend\node_modules\raw-body\index.js:287:7)
    at IncomingMessage.emit (node:events:518:28)
    at endReadableNT (node:internal/streams/readable:1698:12)
    at process.processTicksAndRejections (node:internal/process/task_queues:90:21)
SyntaxError: Unexpected token 'N', ..."l_amount":NOT_FOUND,"... is not valid JSON
    at JSON.parse (<anonymous>)
    at parse (F:\D\Uni\YEAR_3\SEM_3\TESTING\LAB\Homework\HW05\backend\node_modules\body-parser\lib\types\json.js:72:19)
    at F:\D\Uni\YEAR_3\SEM_3\TESTING\LAB\Homework\HW05\backend\node_modules\body-parser\lib\read.js:162:18
    at AsyncResource.runInAsyncScope (node:async_hooks:214:14)
    at invokeCallback (F:\D\Uni\YEAR_3\SEM_3\TESTING\LAB\Homework\HW05\backend\node_modules\raw-body\index.js:238:16)
    at done (F:\D\Uni\YEAR_3\SEM_3\TESTING\LAB\Homework\HW05\backend\node_modules\raw-body\index.js:227:7)
    at IncomingMessage.onEnd (F:\D\Uni\YEAR_3\SEM_3\TESTING\LAB\Homework\HW05\backend\node_modules\raw-body\index.js:287:7)
    at IncomingMessage.emit (node:events:518:28)
    at endReadableNT (node:internal/streams/readable:1698:12)
    at process.processTicksAndRejections (node:internal/process/task_queues:90:21)
SyntaxError: Unexpected token 'N', ..."l_amount":NOT_FOUND,"... is not valid JSON
    at JSON.parse (<anonymous>)
    at parse (F:\D\Uni\YEAR_3\SEM_3\TESTING\LAB\Homework\HW05\backend\node_modules\body-parser\lib\types\json.js:72:19)
    at F:\D\Uni\YEAR_3\SEM_3\TESTING\LAB\Homework\HW05\backend\node_modules\body-parser\lib\read.js:162:18
    at AsyncResource.runInAsyncScope (node:async_hooks:214:14)
    at invokeCallback (F:\D\Uni\YEAR_3\SEM_3\TESTING\LAB\Homework\HW05\backend\node_modules\raw-body\index.js:238:16)
    at done (F:\D\Uni\YEAR_3\SEM_3\TESTING\LAB\Homework\HW05\backend\node_modules\raw-body\index.js:227:7)
    at IncomingMessage.onEnd (F:\D\Uni\YEAR_3\SEM_3\TESTING\LAB\Homework\HW05\backend\node_modules\raw-body\index.js:287:7)
    at IncomingMessage.emit (node:events:518:28)
    at endReadableNT (node:internal/streams/readable:1698:12)
    at process.processTicksAndRejections (node:internal/process/task_queues:90:21)
SyntaxError: Unexpected token 'N', ..."l_amount":NOT_FOUND,"... is not valid JSON
    at JSON.parse (<anonymous>)
    at parse (F:\D\Uni\YEAR_3\SEM_3\TESTING\LAB\Homework\HW05\backend\node_modules\body-parser\lib\types\json.js:72:19)
    at F:\D\Uni\YEAR_3\SEM_3\TESTING\LAB\Homework\HW05\backend\node_modules\body-parser\lib\read.js:162:18
    at AsyncResource.runInAsyncScope (node:async_hooks:214:14)
    at invokeCallback (F:\D\Uni\YEAR_3\SEM_3\TESTING\LAB\Homework\HW05\backend\node_modules\raw-body\index.js:238:16)
    at done (F:\D\Uni\YEAR_3\SEM_3\TESTING\LAB\Homework\HW05\backend\node_modules\raw-body\index.js:227:7)
    at IncomingMessage.onEnd (F:\D\Uni\YEAR_3\SEM_3\TESTING\LAB\Homework\HW05\backend\node_modules\raw-body\index.js:287:7)
    at IncomingMessage.emit (node:events:518:28)
    at endReadableNT (node:internal/streams/readable:1698:12)
    at process.processTicksAndRejections (node:internal/process/task_queues:90:21)
SyntaxError: Unexpected token 'N', ..."l_amount":NOT_FOUND,"... is not valid JSON
    at JSON.parse (<anonymous>)
    at parse (F:\D\Uni\YEAR_3\SEM_3\TESTING\LAB\Homework\HW05\backend\node_modules\body-parser\lib\types\json.js:72:19)
    at F:\D\Uni\YEAR_3\SEM_3\TESTING\LAB\Homework\HW05\backend\node_modules\body-parser\lib\read.js:162:18
    at AsyncResource.runInAsyncScope (node:async_hooks:214:14)
    at invokeCallback (F:\D\Uni\YEAR_3\SEM_3\TESTING\LAB\Homework\HW05\backend\node_modules\raw-body\index.js:238:16)
    at done (F:\D\Uni\YEAR_3\SEM_3\TESTING\LAB\Homework\HW05\backend\node_modules\raw-body\index.js:227:7)
    at IncomingMessage.onEnd (F:\D\Uni\YEAR_3\SEM_3\TESTING\LAB\Homework\HW05\backend\node_modules\raw-body\index.js:287:7)
    at IncomingMessage.emit (node:events:518:28)
    at endReadableNT (node:internal/streams/readable:1698:12)
    at process.processTicksAndRejections (node:internal/process/task_queues:90:21)
SyntaxError: Unexpected token 'N', ..."l_amount":NOT_FOUND,"... is not valid JSON
    at JSON.parse (<anonymous>)
    at parse (F:\D\Uni\YEAR_3\SEM_3\TESTING\LAB\Homework\HW05\backend\node_modules\body-parser\lib\types\json.js:72:19)
    at F:\D\Uni\YEAR_3\SEM_3\TESTING\LAB\Homework\HW05\backend\node_modules\body-parser\lib\read.js:162:18
    at AsyncResource.runInAsyncScope (node:async_hooks:214:14)
    at invokeCallback (F:\D\Uni\YEAR_3\SEM_3\TESTING\LAB\Homework\HW05\backend\node_modules\raw-body\index.js:238:16)
    at done (F:\D\Uni\YEAR_3\SEM_3\TESTING\LAB\Homework\HW05\backend\node_modules\raw-body\index.js:227:7)
    at IncomingMessage.onEnd (F:\D\Uni\YEAR_3\SEM_3\TESTING\LAB\Homework\HW05\backend\node_modules\raw-body\index.js:287:7)
    at IncomingMessage.emit (node:events:518:28)
    at endReadableNT (node:internal/streams/readable:1698:12)
    at process.processTicksAndRejections (node:internal/process/task_queues:90:21)
SyntaxError: Unexpected token 'N', ..."l_amount":NOT_FOUND,"... is not valid JSON
    at JSON.parse (<anonymous>)
    at parse (F:\D\Uni\YEAR_3\SEM_3\TESTING\LAB\Homework\HW05\backend\node_modules\body-parser\lib\types\json.js:72:19)
    at F:\D\Uni\YEAR_3\SEM_3\TESTING\LAB\Homework\HW05\backend\node_modules\body-parser\lib\read.js:162:18
    at AsyncResource.runInAsyncScope (node:async_hooks:214:14)
    at invokeCallback (F:\D\Uni\YEAR_3\SEM_3\TESTING\LAB\Homework\HW05\backend\node_modules\raw-body\index.js:238:16)
    at done (F:\D\Uni\YEAR_3\SEM_3\TESTING\LAB\Homework\HW05\backend\node_modules\raw-body\index.js:227:7)
    at IncomingMessage.onEnd (F:\D\Uni\YEAR_3\SEM_3\TESTING\LAB\Homework\HW05\backend\node_modules\raw-body\index.js:287:7)
    at IncomingMessage.emit (node:events:518:28)
    at endReadableNT (node:internal/streams/readable:1698:12)
    at process.processTicksAndRejections (node:internal/process/task_queues:90:21)
SyntaxError: Unexpected token 'N', ..."l_amount":NOT_FOUND,"... is not valid JSON
    at JSON.parse (<anonymous>)
    at parse (F:\D\Uni\YEAR_3\SEM_3\TESTING\LAB\Homework\HW05\backend\node_modules\body-parser\lib\types\json.js:72:19)
    at F:\D\Uni\YEAR_3\SEM_3\TESTING\LAB\Homework\HW05\backend\node_modules\body-parser\lib\read.js:162:18
    at AsyncResource.runInAsyncScope (node:async_hooks:214:14)
    at invokeCallback (F:\D\Uni\YEAR_3\SEM_3\TESTING\LAB\Homework\HW05\backend\node_modules\raw-body\index.js:238:16)
    at done (F:\D\Uni\YEAR_3\SEM_3\TESTING\LAB\Homework\HW05\backend\node_modules\raw-body\index.js:227:7)
    at IncomingMessage.onEnd (F:\D\Uni\YEAR_3\SEM_3\TESTING\LAB\Homework\HW05\backend\node_modules\raw-body\index.js:287:7)
    at IncomingMessage.emit (node:events:518:28)
    at endReadableNT (node:internal/streams/readable:1698:12)
    at process.processTicksAndRejections (node:internal/process/task_queues:90:21)
SyntaxError: Unexpected token 'N', ..."l_amount":NOT_FOUND,"... is not valid JSON
    at JSON.parse (<anonymous>)
    at parse (F:\D\Uni\YEAR_3\SEM_3\TESTING\LAB\Homework\HW05\backend\node_modules\body-parser\lib\types\json.js:72:19)
    at F:\D\Uni\YEAR_3\SEM_3\TESTING\LAB\Homework\HW05\backend\node_modules\body-parser\lib\read.js:162:18
    at AsyncResource.runInAsyncScope (node:async_hooks:214:14)
    at invokeCallback (F:\D\Uni\YEAR_3\SEM_3\TESTING\LAB\Homework\HW05\backend\node_modules\raw-body\index.js:238:16)
    at done (F:\D\Uni\YEAR_3\SEM_3\TESTING\LAB\Homework\HW05\backend\node_modules\raw-body\index.js:227:7)
    at IncomingMessage.onEnd (F:\D\Uni\YEAR_3\SEM_3\TESTING\LAB\Homework\HW05\backend\node_modules\raw-body\index.js:287:7)
    at IncomingMessage.emit (node:events:518:28)
    at endReadableNT (node:internal/streams/readable:1698:12)
    at process.processTicksAndRejections (node:internal/process/task_queues:90:21)
SyntaxError: Unexpected token 'N', ..."l_amount":NOT_FOUND,"... is not valid JSON
    at JSON.parse (<anonymous>)
    at parse (F:\D\Uni\YEAR_3\SEM_3\TESTING\LAB\Homework\HW05\backend\node_modules\body-parser\lib\types\json.js:72:19)
    at F:\D\Uni\YEAR_3\SEM_3\TESTING\LAB\Homework\HW05\backend\node_modules\body-parser\lib\read.js:162:18
    at AsyncResource.runInAsyncScope (node:async_hooks:214:14)
    at invokeCallback (F:\D\Uni\YEAR_3\SEM_3\TESTING\LAB\Homework\HW05\backend\node_modules\raw-body\index.js:238:16)
    at done (F:\D\Uni\YEAR_3\SEM_3\TESTING\LAB\Homework\HW05\backend\node_modules\raw-body\index.js:227:7)
    at IncomingMessage.onEnd (F:\D\Uni\YEAR_3\SEM_3\TESTING\LAB\Homework\HW05\backend\node_modules\raw-body\index.js:287:7)
    at IncomingMessage.emit (node:events:518:28)
    at endReadableNT (node:internal/streams/readable:1698:12)
    at process.processTicksAndRejections (node:internal/process/task_queues:90:21)
SyntaxError: Unexpected token 'N', ..."l_amount":NOT_FOUND,"... is not valid JSON
    at JSON.parse (<anonymous>)
    at parse (F:\D\Uni\YEAR_3\SEM_3\TESTING\LAB\Homework\HW05\backend\node_modules\body-parser\lib\types\json.js:72:19)
    at F:\D\Uni\YEAR_3\SEM_3\TESTING\LAB\Homework\HW05\backend\node_modules\body-parser\lib\read.js:162:18
    at AsyncResource.runInAsyncScope (node:async_hooks:214:14)
    at invokeCallback (F:\D\Uni\YEAR_3\SEM_3\TESTING\LAB\Homework\HW05\backend\node_modules\raw-body\index.js:238:16)
    at done (F:\D\Uni\YEAR_3\SEM_3\TESTING\LAB\Homework\HW05\backend\node_modules\raw-body\index.js:227:7)
    at IncomingMessage.onEnd (F:\D\Uni\YEAR_3\SEM_3\TESTING\LAB\Homework\HW05\backend\node_modules\raw-body\index.js:287:7)
    at IncomingMessage.emit (node:events:518:28)
    at endReadableNT (node:internal/streams/readable:1698:12)
    at process.processTicksAndRejections (node:internal/process/task_queues:90:21)
SyntaxError: Unexpected token 'N', ..."l_amount":NOT_FOUND,"... is not valid JSON
    at JSON.parse (<anonymous>)
    at parse (F:\D\Uni\YEAR_3\SEM_3\TESTING\LAB\Homework\HW05\backend\node_modules\body-parser\lib\types\json.js:72:19)
    at F:\D\Uni\YEAR_3\SEM_3\TESTING\LAB\Homework\HW05\backend\node_modules\body-parser\lib\read.js:162:18
    at AsyncResource.runInAsyncScope (node:async_hooks:214:14)
    at invokeCallback (F:\D\Uni\YEAR_3\SEM_3\TESTING\LAB\Homework\HW05\backend\node_modules\raw-body\index.js:238:16)
    at done (F:\D\Uni\YEAR_3\SEM_3\TESTING\LAB\Homework\HW05\backend\node_modules\raw-body\index.js:227:7)
    at IncomingMessage.onEnd (F:\D\Uni\YEAR_3\SEM_3\TESTING\LAB\Homework\HW05\backend\node_modules\raw-body\index.js:287:7)
    at IncomingMessage.emit (node:events:518:28)
    at endReadableNT (node:internal/streams/readable:1698:12)
    at process.processTicksAndRejections (node:internal/process/task_queues:90:21)
SyntaxError: Unexpected token 'N', ..."l_amount":NOT_FOUND,"... is not valid JSON
    at JSON.parse (<anonymous>)
    at parse (F:\D\Uni\YEAR_3\SEM_3\TESTING\LAB\Homework\HW05\backend\node_modules\body-parser\lib\types\json.js:72:19)
    at F:\D\Uni\YEAR_3\SEM_3\TESTING\LAB\Homework\HW05\backend\node_modules\body-parser\lib\read.js:162:18
    at AsyncResource.runInAsyncScope (node:async_hooks:214:14)
    at invokeCallback (F:\D\Uni\YEAR_3\SEM_3\TESTING\LAB\Homework\HW05\backend\node_modules\raw-body\index.js:238:16)
    at done (F:\D\Uni\YEAR_3\SEM_3\TESTING\LAB\Homework\HW05\backend\node_modules\raw-body\index.js:227:7)
    at IncomingMessage.onEnd (F:\D\Uni\YEAR_3\SEM_3\TESTING\LAB\Homework\HW05\backend\node_modules\raw-body\index.js:287:7)
    at IncomingMessage.emit (node:events:518:28)
    at endReadableNT (node:internal/streams/readable:1698:12)
    at process.processTicksAndRejections (node:internal/process/task_queues:90:21)
SyntaxError: Unexpected token 'N', ..."l_amount":NOT_FOUND,"... is not valid JSON
    at JSON.parse (<anonymous>)
    at parse (F:\D\Uni\YEAR_3\SEM_3\TESTING\LAB\Homework\HW05\backend\node_modules\body-parser\lib\types\json.js:72:19)
    at F:\D\Uni\YEAR_3\SEM_3\TESTING\LAB\Homework\HW05\backend\node_modules\body-parser\lib\read.js:162:18
    at AsyncResource.runInAsyncScope (node:async_hooks:214:14)
    at invokeCallback (F:\D\Uni\YEAR_3\SEM_3\TESTING\LAB\Homework\HW05\backend\node_modules\raw-body\index.js:238:16)
    at done (F:\D\Uni\YEAR_3\SEM_3\TESTING\LAB\Homework\HW05\backend\node_modules\raw-body\index.js:227:7)
    at IncomingMessage.onEnd (F:\D\Uni\YEAR_3\SEM_3\TESTING\LAB\Homework\HW05\backend\node_modules\raw-body\index.js:287:7)
    at IncomingMessage.emit (node:events:518:28)
    at endReadableNT (node:internal/streams/readable:1698:12)
    at process.processTicksAndRejections (node:internal/process/task_queues:90:21)
SyntaxError: Unexpected token 'N', ..."l_amount":NOT_FOUND,"... is not valid JSON
    at JSON.parse (<anonymous>)
    at parse (F:\D\Uni\YEAR_3\SEM_3\TESTING\LAB\Homework\HW05\backend\node_modules\body-parser\lib\types\json.js:72:19)
    at F:\D\Uni\YEAR_3\SEM_3\TESTING\LAB\Homework\HW05\backend\node_modules\body-parser\lib\read.js:162:18
    at AsyncResource.runInAsyncScope (node:async_hooks:214:14)
    at invokeCallback (F:\D\Uni\YEAR_3\SEM_3\TESTING\LAB\Homework\HW05\backend\node_modules\raw-body\index.js:238:16)
    at done (F:\D\Uni\YEAR_3\SEM_3\TESTING\LAB\Homework\HW05\backend\node_modules\raw-body\index.js:227:7)
    at IncomingMessage.onEnd (F:\D\Uni\YEAR_3\SEM_3\TESTING\LAB\Homework\HW05\backend\node_modules\raw-body\index.js:287:7)
    at IncomingMessage.emit (node:events:518:28)
    at endReadableNT (node:internal/streams/readable:1698:12)
    at process.processTicksAndRejections (node:internal/process/task_queues:90:21)
SyntaxError: Unexpected token 'N', ..."l_amount":NOT_FOUND,"... is not valid JSON
    at JSON.parse (<anonymous>)
    at parse (F:\D\Uni\YEAR_3\SEM_3\TESTING\LAB\Homework\HW05\backend\node_modules\body-parser\lib\types\json.js:72:19)
    at F:\D\Uni\YEAR_3\SEM_3\TESTING\LAB\Homework\HW05\backend\node_modules\body-parser\lib\read.js:162:18
    at AsyncResource.runInAsyncScope (node:async_hooks:214:14)
    at invokeCallback (F:\D\Uni\YEAR_3\SEM_3\TESTING\LAB\Homework\HW05\backend\node_modules\raw-body\index.js:238:16)
    at done (F:\D\Uni\YEAR_3\SEM_3\TESTING\LAB\Homework\HW05\backend\node_modules\raw-body\index.js:227:7)
    at IncomingMessage.onEnd (F:\D\Uni\YEAR_3\SEM_3\TESTING\LAB\Homework\HW05\backend\node_modules\raw-body\index.js:287:7)
    at IncomingMessage.emit (node:events:518:28)
    at endReadableNT (node:internal/streams/readable:1698:12)
    at process.processTicksAndRejections (node:internal/process/task_queues:90:21)
SyntaxError: Unexpected token 'N', ..."l_amount":NOT_FOUND,"... is not valid JSON
    at JSON.parse (<anonymous>)
    at parse (F:\D\Uni\YEAR_3\SEM_3\TESTING\LAB\Homework\HW05\backend\node_modules\body-parser\lib\types\json.js:72:19)
    at F:\D\Uni\YEAR_3\SEM_3\TESTING\LAB\Homework\HW05\backend\node_modules\body-parser\lib\read.js:162:18
    at AsyncResource.runInAsyncScope (node:async_hooks:214:14)
    at invokeCallback (F:\D\Uni\YEAR_3\SEM_3\TESTING\LAB\Homework\HW05\backend\node_modules\raw-body\index.js:238:16)
    at done (F:\D\Uni\YEAR_3\SEM_3\TESTING\LAB\Homework\HW05\backend\node_modules\raw-body\index.js:227:7)
    at IncomingMessage.onEnd (F:\D\Uni\YEAR_3\SEM_3\TESTING\LAB\Homework\HW05\backend\node_modules\raw-body\index.js:287:7)
    at IncomingMessage.emit (node:events:518:28)
    at endReadableNT (node:internal/streams/readable:1698:12)
    at process.processTicksAndRejections (node:internal/process/task_queues:90:21)
SyntaxError: Unexpected token 'N', ..."l_amount":NOT_FOUND,"... is not valid JSON
    at JSON.parse (<anonymous>)
    at parse (F:\D\Uni\YEAR_3\SEM_3\TESTING\LAB\Homework\HW05\backend\node_modules\body-parser\lib\types\json.js:72:19)